// Vitest Snapshot v1, https://vitest.dev/guide/snapshot.html

exports[`Activation renders without crashing 1`] = `<Activation />`;
