// Vitest Snapshot v1, https://vitest.dev/guide/snapshot.html

exports[`Login renders without crashing 1`] = `<Login />`;
