// Vitest Snapshot v1, https://vitest.dev/guide/snapshot.html

exports[`Logout renders without crashing 1`] = `<Logout />`;
