// Vitest Snapshot v1, https://vitest.dev/guide/snapshot.html

exports[`Navbar renders without crashing 1`] = `<Navbar />`;
