// Vitest Snapshot v1, https://vitest.dev/guide/snapshot.html

exports[`Profile renders without crashing 1`] = `<Profile />`;
