// Vitest Snapshot v1, https://vitest.dev/guide/snapshot.html

exports[`Register renders without crashing 1`] = `<Register />`;
